Microchip MPLAB XC8 Compiler V2.31

Linker command line:

-W-3 --edf=C:\Program Files\Microchip\xc8\v2.31\pic\dat\en_msgs.txt \
  -pivt0x8=08h -cn -h+dist/default/production\2021_ENCM369.production.sym \
  --cmf=dist/default/production\2021_ENCM369.production.cmf -z -Q18F27Q43 \
  -oC:\Users\zd4ha\AppData\Local\Temp\sot4.2 --defsym=__MPLAB_BUILD=1 \
  -Mdist/default/production/2021_ENCM369.production.map -E1 \
  -ver=XC8 Compiler --acfsm=1493 -ASTACK=0700h-025FFh -pstack=STACK \
  -ACODE=00h-01FFFFh -ACONST=00h-01FFFFh -ASMALLCONST=02600h-026FFhx474 \
  -AMEDIUMCONST=02600h-0FFFFh,012600h-01FFFFh -ACOMRAM=0501h-055Fh \
  -AABS1=0500h-025FFh -ABIGRAM=0501h-025FFh \
  -ARAM=0560h-05FFh,0600h-06FFhx32 -ABANK5=0560h-05FFh -ABANK6=0600h-06FFh \
  -ABANK7=0700h-07FFh -ABANK8=0800h-08FFh -ABANK9=0900h-09FFh \
  -ABANK10=0A00h-0AFFh -ABANK11=0B00h-0BFFh -ABANK12=0C00h-0CFFh \
  -ABANK13=0D00h-0DFFh -ABANK14=0E00h-0EFFh -ABANK15=0F00h-0FFFh \
  -ABANK16=01000h-010FFh -ABANK17=01100h-011FFh -ABANK18=01200h-012FFh \
  -ABANK19=01300h-013FFh -ABANK20=01400h-014FFh -ABANK21=01500h-015FFh \
  -ABANK22=01600h-016FFh -ABANK23=01700h-017FFh -ABANK24=01800h-018FFh \
  -ABANK25=01900h-019FFh -ABANK26=01A00h-01AFFh -ABANK27=01B00h-01BFFh \
  -ABANK28=01C00h-01CFFh -ABANK29=01D00h-01DFFh -ABANK30=01E00h-01EFFh \
  -ABANK31=01F00h-01FFFh -ABANK32=02000h-020FFh -ABANK33=02100h-021FFh \
  -ABANK34=02200h-022FFh -ABANK35=02300h-023FFh -ABANK36=02400h-024FFh \
  -ABANK37=02500h-025FFh -ASFR=00h-0FFhx4,0400h-045Fh,0460h-04FFh \
  -ACONFIG=0300000h-0300011h -AIDLOC=0200000h-020001Fh \
  -AEEDATA=0380000h-03803FFh -peeprom_data=EEDATA -preset_vec=00h \
  -ppowerup=CODE,init -pramtop=02600h -psmallconst=SMALLCONST \
  -pmediumconst=MEDIUMCONST -pconst=CONST -AFARRAM=00h-00h \
  -prdata=COMRAM,nvrram=COMRAM,nvbit=COMRAM,rbss=COMRAM,rbit=COMRAM \
  -pfarbss=FARRAM,fardata=FARRAM,nvFARRAM=FARRAM \
  -pintsave_regs=BIGRAM,bigbss=BIGRAM,bigdata=BIGRAM -pbss=RAM \
  -pidata=CODE,irdata=CODE,ibigdata=CODE,ifardata=CODE -prparam=COMRAM \
  C:\Users\zd4ha\AppData\Local\Temp\sot4.o \
  dist/default/production\2021_ENCM369.production.o 

Object code version is 3.11

Machine type is 18F27Q43



                Name                               Link     Load   Length Selector   Space Scale
C:\Users\zd4ha\AppData\Local\Temp\sot4.o
                idloc                            200000   200000       20        0       5
                config                           300000   300000        A        0       4
                init                                102      102        4        4       0
                reset_vec                             0        0        4        0       0
dist/default/production\2021_ENCM369.production.o
                idloc                            200000   200000       20        0       5
                config                           300000   300000        A        0       4
                ivt0x8                                8        8       FA        4       0
                text11                              410      410       12      104       0
                text10                              2DC      2DC       3A       B7       0
                text9                               42C      42C        4      10B       0
                text8                               3CC      3CC       1A       F3       0
                text7                               430      430        2      10B       0
                text6                               3E6      3E6       16       F3       0
                text5                               422      422        8      104       0
                text4                               34E      34E       34       B7       0
                text3                               3FC      3FC       12       F3       0
                text2                               3AE      3AE       1C       B7       0
                text1                               206      206       70        4       0
                text0                               382      382       2C       B7       0
                cstackCOMRAM                        501      501       3B      501       1
                dataBANK6                           600      600      100      600       1
                dataBANK5                           560      560       38      560       1
                bssCOMRAM                           53C      53C       14      501       1
                cinit                               276      276       64        4       0
                idataBANK6                          106      106      100        4       0
                idataBANK5                          316      316       38       B7       0

TOTAL           Name                               Link     Load   Length     Space
        CLASS   STACK          

        CLASS   CODE           
                init                                102      102        4         0
                reset_vec                             0        0        4         0
                ivt0x8                                8        8       FA         0
                text11                              410      410       12         0
                text10                              2DC      2DC       3A         0
                text9                               42C      42C        4         0
                text8                               3CC      3CC       1A         0
                text7                               430      430        2         0
                text6                               3E6      3E6       16         0
                text5                               422      422        8         0
                text4                               34E      34E       34         0
                text3                               3FC      3FC       12         0
                text2                               3AE      3AE       1C         0
                text1                               206      206       70         0
                text0                               382      382       2C         0
                cinit                               276      276       64         0
                idataBANK6                          106      106      100         0
                idataBANK5                          316      316       38         0

        CLASS   CONST          

        CLASS   SMALLCONST     

        CLASS   MEDIUMCONST    

        CLASS   COMRAM         
                cstackCOMRAM                        501      501       3B         1
                bssCOMRAM                           53C      53C       14         1

        CLASS   ABS1           

        CLASS   BIGRAM         

        CLASS   RAM            

        CLASS   BANK5          
                dataBANK5                           560      560       38         1

        CLASS   BANK6          
                dataBANK6                           600      600      100         1

        CLASS   BANK7          

        CLASS   BANK8          

        CLASS   BANK9          

        CLASS   BANK10         

        CLASS   BANK11         

        CLASS   BANK12         

        CLASS   BANK13         

        CLASS   BANK14         

        CLASS   BANK15         

        CLASS   BANK16         

        CLASS   BANK17         

        CLASS   BANK18         

        CLASS   BANK19         

        CLASS   BANK20         

        CLASS   BANK21         

        CLASS   BANK22         

        CLASS   BANK23         

        CLASS   BANK24         

        CLASS   BANK25         

        CLASS   BANK26         

        CLASS   BANK27         

        CLASS   BANK28         

        CLASS   BANK29         

        CLASS   BANK30         

        CLASS   BANK31         

        CLASS   BANK32         

        CLASS   BANK33         

        CLASS   BANK34         

        CLASS   BANK35         

        CLASS   BANK36         

        CLASS   BANK37         

        CLASS   SFR            

        CLASS   CONFIG         
                config                           300000   300000        A         4

        CLASS   IDLOC          
                idloc                            200000   200000       20         5

        CLASS   EEDATA         

        CLASS   FARRAM         



SEGMENTS        Name                           Load    Length   Top    Selector   Space  Class

                reset_vec                      000000  000004  000004         0       0  CODE    
                ivt0x8                         000008  0002D2  0002DA         4       0  CODE    
                text10                         0002DC  0000EE  0003CA        B7       0  CODE    
                text8                          0003CC  000042  00040E        F3       0  CODE    
                text11                         000410  00001A  00042A       104       0  CODE    
                text9                          00042C  000006  000432       10B       0  CODE    
                cstackCOMRAM                   000501  00004F  000550       501       1  COMRAM  
                dataBANK5                      000560  000038  000598       560       1  BANK5   
                dataBANK6                      000600  000100  000700       600       1  BANK6   


UNUSED ADDRESS RANGES

        Name                Unused          Largest block    Delta
        BANK10           000A00-000AFF              100
        BANK11           000B00-000BFF              100
        BANK12           000C00-000CFF              100
        BANK13           000D00-000DFF              100
        BANK14           000E00-000EFF              100
        BANK15           000F00-000FFF              100
        BANK16           001000-0010FF              100
        BANK17           001100-0011FF              100
        BANK18           001200-0012FF              100
        BANK19           001300-0013FF              100
        BANK20           001400-0014FF              100
        BANK21           001500-0015FF              100
        BANK22           001600-0016FF              100
        BANK23           001700-0017FF              100
        BANK24           001800-0018FF              100
        BANK25           001900-0019FF              100
        BANK26           001A00-001AFF              100
        BANK27           001B00-001BFF              100
        BANK28           001C00-001CFF              100
        BANK29           001D00-001DFF              100
        BANK30           001E00-001EFF              100
        BANK31           001F00-001FFF              100
        BANK32           002000-0020FF              100
        BANK33           002100-0021FF              100
        BANK34           002200-0022FF              100
        BANK35           002300-0023FF              100
        BANK36           002400-0024FF              100
        BANK37           002500-0025FF              100
        BANK5            000598-0005FF               68
        BANK7            000700-0007FF              100
        BANK8            000800-0008FF              100
        BANK9            000900-0009FF              100
        BIGRAM           000550-00055F               10
                         000598-0005FF               68
                         000700-0025FF             1F00
        CODE             000004-000007                4
                         0002DA-0002DB                2
                         0003CA-0003CB                2
                         00040E-00040F                2
                         00042A-00042B                2
                         000432-01FFFF            1FBCE
        COMRAM           000550-00055F               10
        CONFIG           30000A-300011                8
        CONST            000004-000007                4
                         0002DA-0002DB                2
                         0003CA-0003CB                2
                         00040E-00040F                2
                         00042A-00042B                2
                         000432-01FFFF            1FBCE
        EEDATA           380000-3803FF              400
        MEDIUMCONST      002600-00FFFF             DA00
                         012600-01FFFF             DA00
        RAM              000598-0005FF               68
                         000700-0025FF              100
        SFR              000000-0004FF              100
        SMALLCONST       002600-01FFFF              100
        STACK            000700-0025FF             1F00

                                  Symbol Table

DEFAULT_ISR@u32UnhandledCounter bssCOMRAM    00053C
IVTBASEH                        (abs)        00045E
IVTBASEL                        (abs)        00045D
IVTBASEU                        (abs)        00045F
TMR1_ISR@u8Index                bssCOMRAM    00054A
UserAppRun@F15949               dataBANK5    00057C
UserAppRun@F15951               dataBANK5    000560
UserAppRun@au16BeatLength       cstackCOMRAM 000520
UserAppRun@auNoteName           cstackCOMRAM 000504
UserAppRun@u16Counter           bssCOMRAM    000548
UserAppRun@u8Index              bssCOMRAM    00054B
_ANSELA                         (abs)        000400
_ClockSetup                     text7        000430
_DAC1CON                        (abs)        00007F
_DAC1DATL                       (abs)        00007D
_DEFAULT_ISR                    text8        0003CC
_G_au8UserAppsinTable           dataBANK6    000600
_G_u32SystemTime1ms             bssCOMRAM    000544
_G_u32SystemTime1s              bssCOMRAM    000540
_G_u8SystemFlags                bssCOMRAM    00054F
_G_u8UserAppFlags               bssCOMRAM    00054E
_G_u8UserAppTimePeriodHi        bssCOMRAM    00054D
_G_u8UserAppTimePeriodLo        bssCOMRAM    00054C
_GpioSetup                      text6        0003E6
_INTCON0bits                    (abs)        0004D6
_InterruptSetup                 text5        000422
_LATA                           (abs)        0004BE
_PIE3bits                       (abs)        0004A1
_PIR0bits                       (abs)        0004AE
_PIR3bits                       (abs)        0004B1
_SW_ISR                         text9        00042C
_SysTickSetup                   text4        00034E
_SystemSleep                    text3        0003FC
_T0CON0                         (abs)        00031A
_T0CON0bits                     (abs)        00031A
_T0CON1                         (abs)        00031B
_T1CLK                          (abs)        000321
_T1CON                          (abs)        00031E
_T1CONbits                      (abs)        00031E
_T1GCON                         (abs)        00031F
_T2CLKCON                       (abs)        000326
_T2CON                          (abs)        000324
_T2PR                           (abs)        000323
_TMR0H                          (abs)        000319
_TMR0L                          (abs)        000318
_TMR1H                          (abs)        00031D
_TMR1L                          (abs)        00031C
_TMR1_ISR                       text10       0002DC
_TMR2_ISR                       text11       000410
_TRISA                          (abs)        0004C6
_UserAppInitialize              text2        0003AE
_UserAppRun                     text1        000206
__HRAM                          (abs)        000000
__Habs1                         abs1         000000
__Hbank10                       bank10       000000
__Hbank11                       bank11       000000
__Hbank12                       bank12       000000
__Hbank13                       bank13       000000
__Hbank14                       bank14       000000
__Hbank15                       bank15       000000
__Hbank16                       bank16       000000
__Hbank17                       bank17       000000
__Hbank18                       bank18       000000
__Hbank19                       bank19       000000
__Hbank20                       bank20       000000
__Hbank21                       bank21       000000
__Hbank22                       bank22       000000
__Hbank23                       bank23       000000
__Hbank24                       bank24       000000
__Hbank25                       bank25       000000
__Hbank26                       bank26       000000
__Hbank27                       bank27       000000
__Hbank28                       bank28       000000
__Hbank29                       bank29       000000
__Hbank30                       bank30       000000
__Hbank31                       bank31       000000
__Hbank32                       bank32       000000
__Hbank33                       bank33       000000
__Hbank34                       bank34       000000
__Hbank35                       bank35       000000
__Hbank36                       bank36       000000
__Hbank37                       bank37       000000
__Hbank5                        bank5        000000
__Hbank6                        bank6        000000
__Hbank7                        bank7        000000
__Hbank8                        bank8        000000
__Hbank9                        bank9        000000
__Hbigbss                       bigbss       000000
__Hbigdata                      bigdata      000000
__Hbigram                       bigram       000000
__Hbss                          bss          000000
__HbssCOMRAM                    bssCOMRAM    000000
__Hcinit                        cinit        000000
__Hclrtext                      clrtext      000000
__Hcomram                       comram       000000
__Hconfig                       config       30000A
__Hconst                        const        000000
__HcstackCOMRAM                 cstackCOMRAM 000000
__Hdata                         data         000000
__HdataBANK5                    dataBANK5    000000
__HdataBANK6                    dataBANK6    000000
__Heeprom_data                  eeprom_data  000000
__Hfarbss                       farbss       000000
__Hfardata                      fardata      000000
__Hibigdata                     ibigdata     000000
__Hidata                        idata        000000
__HidataBANK5                   idataBANK5   000000
__HidataBANK6                   idataBANK6   000000
__Hidloc                        idloc        200020
__Hifardata                     ifardata     000000
__Hinit                         init         000106
__Hintsave_regs                 intsave_regs 000000
__Hirdata                       irdata       000000
__Hivt0x8                       ivt0x8       000102
__Hmediumconst                  mediumconst  000000
__HnvFARRAM                     nvFARRAM     000000
__Hnvbit                        nvbit        000000
__Hnvrram                       nvrram       000000
__Hparam                        rparam       000000
__Hpowerup                      powerup      000000
__Hram                          ram          000000
__Hramtop                       ramtop       002600
__Hrbit                         rbit         000000
__Hrbss                         rbss         000000
__Hrdata                        rdata        000000
__Hreset_vec                    reset_vec    000004
__Hrparam                       rparam       000000
__Hsfr                          sfr          000000
__Hsmallconst                   smallconst   000000
__Hspace_0                      (abs)        002600
__Hspace_1                      (abs)        000700
__Hspace_2                      (abs)        000000
__Hspace_4                      (abs)        60000A
__Hstack                        stack        000000
__Hstruct                       struct       000000
__Htemp                         temp         000000
__Htext                         text         000000
__Htext0                        text0        000000
__Htext1                        text1        000000
__Htext10                       text10       000000
__Htext11                       text11       000000
__Htext2                        text2        000000
__Htext3                        text3        000000
__Htext4                        text4        000000
__Htext5                        text5        000000
__Htext6                        text6        000000
__Htext7                        text7        000000
__Htext8                        text8        000000
__Htext9                        text9        000000
__LRAM                          (abs)        000001
__Labs1                         abs1         000000
__Lbank10                       bank10       000000
__Lbank11                       bank11       000000
__Lbank12                       bank12       000000
__Lbank13                       bank13       000000
__Lbank14                       bank14       000000
__Lbank15                       bank15       000000
__Lbank16                       bank16       000000
__Lbank17                       bank17       000000
__Lbank18                       bank18       000000
__Lbank19                       bank19       000000
__Lbank20                       bank20       000000
__Lbank21                       bank21       000000
__Lbank22                       bank22       000000
__Lbank23                       bank23       000000
__Lbank24                       bank24       000000
__Lbank25                       bank25       000000
__Lbank26                       bank26       000000
__Lbank27                       bank27       000000
__Lbank28                       bank28       000000
__Lbank29                       bank29       000000
__Lbank30                       bank30       000000
__Lbank31                       bank31       000000
__Lbank32                       bank32       000000
__Lbank33                       bank33       000000
__Lbank34                       bank34       000000
__Lbank35                       bank35       000000
__Lbank36                       bank36       000000
__Lbank37                       bank37       000000
__Lbank5                        bank5        000000
__Lbank6                        bank6        000000
__Lbank7                        bank7        000000
__Lbank8                        bank8        000000
__Lbank9                        bank9        000000
__Lbigbss                       bigbss       000000
__Lbigdata                      bigdata      000000
__Lbigram                       bigram       000000
__Lbss                          bss          000000
__LbssCOMRAM                    bssCOMRAM    000000
__Lcinit                        cinit        000000
__Lclrtext                      clrtext      000000
__Lcomram                       comram       000000
__Lconfig                       config       000000
__Lconst                        const        000000
__LcstackCOMRAM                 cstackCOMRAM 000000
__Ldata                         data         000000
__LdataBANK5                    dataBANK5    000000
__LdataBANK6                    dataBANK6    000000
__Leeprom_data                  eeprom_data  000000
__Lfarbss                       farbss       000000
__Lfardata                      fardata      000000
__Libigdata                     ibigdata     000000
__Lidata                        idata        000000
__LidataBANK5                   idataBANK5   000000
__LidataBANK6                   idataBANK6   000000
__Lidloc                        idloc        000000
__Lifardata                     ifardata     000000
__Linit                         init         000102
__Lintsave_regs                 intsave_regs 000000
__Lirdata                       irdata       000000
__Livt0x8                       ivt0x8       000008
__Lmediumconst                  mediumconst  000000
__LnvFARRAM                     nvFARRAM     000000
__Lnvbit                        nvbit        000000
__Lnvrram                       nvrram       000000
__Lparam                        rparam       000000
__Lpowerup                      powerup      000000
__Lram                          ram          000000
__Lramtop                       ramtop       002600
__Lrbit                         rbit         000000
__Lrbss                         rbss         000000
__Lrdata                        rdata        000000
__Lreset_vec                    reset_vec    000000
__Lrparam                       rparam       000000
__Lsfr                          sfr          000000
__Lsmallconst                   smallconst   000000
__Lspace_0                      (abs)        000000
__Lspace_1                      (abs)        000000
__Lspace_2                      (abs)        000000
__Lspace_4                      (abs)        000000
__Lstack                        stack        000000
__Lstruct                       struct       000000
__Ltemp                         temp         000000
__Ltext                         text         000000
__Ltext0                        text0        000000
__Ltext1                        text1        000000
__Ltext10                       text10       000000
__Ltext11                       text11       000000
__Ltext2                        text2        000000
__Ltext3                        text3        000000
__Ltext4                        text4        000000
__Ltext5                        text5        000000
__Ltext6                        text6        000000
__Ltext7                        text7        000000
__Ltext8                        text8        000000
__Ltext9                        text9        000000
__S0                            (abs)        000432
__S1                            (abs)        000700
__S2                            (abs)        000000
__S4                            (abs)        000000
__S5                            (abs)        000000
___inthi_sp                     stack        000000
___intlo_sp                     stack        000000
___param_bank                   (abs)        000000
___rparam_used                  (abs)        000001
___sp                           stack        000000
__accesstop                     (abs)        000560
__activetblptr                  (abs)        000000
__end_of_ClockSetup             text7        000432
__end_of_DEFAULT_ISR            text8        0003E6
__end_of_GpioSetup              text6        0003FC
__end_of_InterruptSetup         text5        00042A
__end_of_SW_ISR                 text9        000430
__end_of_SysTickSetup           text4        000382
__end_of_SystemSleep            text3        00040E
__end_of_TMR1_ISR               text10       000316
__end_of_TMR2_ISR               text11       000422
__end_of_UserAppInitialize      text2        0003CA
__end_of_UserAppRun             text1        000276
__end_of__initialization        cinit        0002D4
__end_of_main                   text0        0003AE
__initialization                cinit        000276
__mediumconst                   mediumconst  000000
__pbssCOMRAM                    bssCOMRAM    00053C
__pcinit                        cinit        000276
__pcstackCOMRAM                 cstackCOMRAM 000501
__pdataBANK5                    dataBANK5    000560
__pdataBANK6                    dataBANK6    000600
__pidataBANK5                   idataBANK5   000316
__pidataBANK6                   idataBANK6   000106
__pivt0x8                       ivt0x8       000008
__ptext0                        text0        000382
__ptext1                        text1        000206
__ptext10                       text10       0002DC
__ptext11                       text11       000410
__ptext2                        text2        0003AE
__ptext3                        text3        0003FC
__ptext4                        text4        00034E
__ptext5                        text5        000422
__ptext6                        text6        0003E6
__ptext7                        text7        000430
__ptext8                        text8        0003CC
__ptext9                        text9        00042C
__ramtop                        ramtop       002600
__size_of_ClockSetup            (abs)        000000
__size_of_DEFAULT_ISR           (abs)        000000
__size_of_GpioSetup             (abs)        000000
__size_of_InterruptSetup        (abs)        000000
__size_of_SW_ISR                (abs)        000000
__size_of_SysTickSetup          (abs)        000000
__size_of_SystemSleep           (abs)        000000
__size_of_TMR1_ISR              (abs)        000000
__size_of_TMR2_ISR              (abs)        000000
__size_of_UserAppInitialize     (abs)        000000
__size_of_UserAppRun            (abs)        000000
__size_of_main                  (abs)        000000
__smallconst                    smallconst   000000
_main                           text0        000382
end_of_initialization           cinit        0002D4
intlevel0                       text         000000
intlevel1                       text         000000
intlevel2                       text         000000
intlevel3                       text         000000
ivt0x8_base                     ivt0x8       000008
ivt0x8_undefint                 ivt0x8       000100
stackhi                         (abs)        0025FF
stacklo                         (abs)        000700
start                           init         000102
start_initialization            cinit        000276


FUNCTION INFORMATION:

 *************** function _main *****************
 Defined at:
		line 34 in file "main.c"
 Parameters:    Size  Location     Type
		None
 Auto vars:     Size  Location     Type
		None
 Return value:  Size  Location     Type
                  1    wreg      void 
 Registers used:
		wreg, fsr1l, fsr1h, fsr2l, fsr2h, status,2, status,0, prodl, prodh, cstack
 Tracked objects:
		On entry : 
		On exit  : 
		Unchanged: 
 Data sizes:     COMRAM   BANK5   BANK6   BANK7   BANK8   BANK9  BANK10  BANK11  BANK12  BANK13  BANK14  BANK15  BANK16  BANK17  BANK18  BANK19  BANK20  BANK21  BANK22  BANK23  BANK24  BANK25  BANK26  BANK27  BANK28  BANK29  BANK30  BANK31  BANK32  BANK33  BANK34  BANK35  BANK36  BANK37
      Params:         0       0       0       0       0       0       0       0       0       0       0       0       0       0       0       0       0       0       0       0       0       0       0       0       0       0       0       0       0       0       0       0       0       0
      Locals:         0       0       0       0       0       0       0       0       0       0       0       0       0       0       0       0       0       0       0       0       0       0       0       0       0       0       0       0       0       0       0       0       0       0
      Temps:          0       0       0       0       0       0       0       0       0       0       0       0       0       0       0       0       0       0       0       0       0       0       0       0       0       0       0       0       0       0       0       0       0       0
      Totals:         0       0       0       0       0       0       0       0       0       0       0       0       0       0       0       0       0       0       0       0       0       0       0       0       0       0       0       0       0       0       0       0       0       0
Total ram usage:        0 bytes
 Hardware stack levels required when called:    3
 This function calls:
		_ClockSetup
		_GpioSetup
		_InterruptSetup
		_SysTickSetup
		_SystemSleep
		_UserAppInitialize
		_UserAppRun
 This function is called by:
		Startup code after reset
 This function uses a non-reentrant model


 *************** function _UserAppRun *****************
 Defined at:
		line 238 in file "user_app.c"
 Parameters:    Size  Location     Type
		None
 Auto vars:     Size  Location     Type
  au16BeatLeng   28   31[COMRAM] unsigned short [14]
  auNoteName     28    3[COMRAM] unsigned short [14]
 Return value:  Size  Location     Type
                  1    wreg      void 
 Registers used:
		wreg, fsr1l, fsr1h, fsr2l, fsr2h, status,2, status,0, prodl, prodh
 Tracked objects:
		On entry : 
		On exit  : 
		Unchanged: 
 Data sizes:     COMRAM   BANK5   BANK6   BANK7   BANK8   BANK9  BANK10  BANK11  BANK12  BANK13  BANK14  BANK15  BANK16  BANK17  BANK18  BANK19  BANK20  BANK21  BANK22  BANK23  BANK24  BANK25  BANK26  BANK27  BANK28  BANK29  BANK30  BANK31  BANK32  BANK33  BANK34  BANK35  BANK36  BANK37
      Params:         0       0       0       0       0       0       0       0       0       0       0       0       0       0       0       0       0       0       0       0       0       0       0       0       0       0       0       0       0       0       0       0       0       0
      Locals:        56       0       0       0       0       0       0       0       0       0       0       0       0       0       0       0       0       0       0       0       0       0       0       0       0       0       0       0       0       0       0       0       0       0
      Temps:          2       0       0       0       0       0       0       0       0       0       0       0       0       0       0       0       0       0       0       0       0       0       0       0       0       0       0       0       0       0       0       0       0       0
      Totals:        58       0       0       0       0       0       0       0       0       0       0       0       0       0       0       0       0       0       0       0       0       0       0       0       0       0       0       0       0       0       0       0       0       0
Total ram usage:       58 bytes
 Hardware stack levels used:    1
 Hardware stack levels required when called:    2
 This function calls:
		Nothing
 This function is called by:
		_main
 This function uses a non-reentrant model


 *************** function _UserAppInitialize *****************
 Defined at:
		line 204 in file "user_app.c"
 Parameters:    Size  Location     Type
		None
 Auto vars:     Size  Location     Type
		None
 Return value:  Size  Location     Type
                  1    wreg      void 
 Registers used:
		wreg, status,2, status,0
 Tracked objects:
		On entry : 
		On exit  : 
		Unchanged: 
 Data sizes:     COMRAM   BANK5   BANK6   BANK7   BANK8   BANK9  BANK10  BANK11  BANK12  BANK13  BANK14  BANK15  BANK16  BANK17  BANK18  BANK19  BANK20  BANK21  BANK22  BANK23  BANK24  BANK25  BANK26  BANK27  BANK28  BANK29  BANK30  BANK31  BANK32  BANK33  BANK34  BANK35  BANK36  BANK37
      Params:         0       0       0       0       0       0       0       0       0       0       0       0       0       0       0       0       0       0       0       0       0       0       0       0       0       0       0       0       0       0       0       0       0       0
      Locals:         0       0       0       0       0       0       0       0       0       0       0       0       0       0       0       0       0       0       0       0       0       0       0       0       0       0       0       0       0       0       0       0       0       0
      Temps:          0       0       0       0       0       0       0       0       0       0       0       0       0       0       0       0       0       0       0       0       0       0       0       0       0       0       0       0       0       0       0       0       0       0
      Totals:         0       0       0       0       0       0       0       0       0       0       0       0       0       0       0       0       0       0       0       0       0       0       0       0       0       0       0       0       0       0       0       0       0       0
Total ram usage:        0 bytes
 Hardware stack levels used:    1
 Hardware stack levels required when called:    2
 This function calls:
		Nothing
 This function is called by:
		_main
 This function uses a non-reentrant model


 *************** function _SystemSleep *****************
 Defined at:
		line 150 in file "encm369_pic18.c"
 Parameters:    Size  Location     Type
		None
 Auto vars:     Size  Location     Type
		None
 Return value:  Size  Location     Type
                  1    wreg      void 
 Registers used:
		status,2, status,0
 Tracked objects:
		On entry : 
		On exit  : 
		Unchanged: 
 Data sizes:     COMRAM   BANK5   BANK6   BANK7   BANK8   BANK9  BANK10  BANK11  BANK12  BANK13  BANK14  BANK15  BANK16  BANK17  BANK18  BANK19  BANK20  BANK21  BANK22  BANK23  BANK24  BANK25  BANK26  BANK27  BANK28  BANK29  BANK30  BANK31  BANK32  BANK33  BANK34  BANK35  BANK36  BANK37
      Params:         0       0       0       0       0       0       0       0       0       0       0       0       0       0       0       0       0       0       0       0       0       0       0       0       0       0       0       0       0       0       0       0       0       0
      Locals:         0       0       0       0       0       0       0       0       0       0       0       0       0       0       0       0       0       0       0       0       0       0       0       0       0       0       0       0       0       0       0       0       0       0
      Temps:          0       0       0       0       0       0       0       0       0       0       0       0       0       0       0       0       0       0       0       0       0       0       0       0       0       0       0       0       0       0       0       0       0       0
      Totals:         0       0       0       0       0       0       0       0       0       0       0       0       0       0       0       0       0       0       0       0       0       0       0       0       0       0       0       0       0       0       0       0       0       0
Total ram usage:        0 bytes
 Hardware stack levels used:    1
 Hardware stack levels required when called:    2
 This function calls:
		Nothing
 This function is called by:
		_main
 This function uses a non-reentrant model


 *************** function _SysTickSetup *****************
 Defined at:
		line 115 in file "encm369_pic18.c"
 Parameters:    Size  Location     Type
		None
 Auto vars:     Size  Location     Type
		None
 Return value:  Size  Location     Type
                  1    wreg      void 
 Registers used:
		wreg, status,2
 Tracked objects:
		On entry : 
		On exit  : 
		Unchanged: 
 Data sizes:     COMRAM   BANK5   BANK6   BANK7   BANK8   BANK9  BANK10  BANK11  BANK12  BANK13  BANK14  BANK15  BANK16  BANK17  BANK18  BANK19  BANK20  BANK21  BANK22  BANK23  BANK24  BANK25  BANK26  BANK27  BANK28  BANK29  BANK30  BANK31  BANK32  BANK33  BANK34  BANK35  BANK36  BANK37
      Params:         0       0       0       0       0       0       0       0       0       0       0       0       0       0       0       0       0       0       0       0       0       0       0       0       0       0       0       0       0       0       0       0       0       0
      Locals:         0       0       0       0       0       0       0       0       0       0       0       0       0       0       0       0       0       0       0       0       0       0       0       0       0       0       0       0       0       0       0       0       0       0
      Temps:          0       0       0       0       0       0       0       0       0       0       0       0       0       0       0       0       0       0       0       0       0       0       0       0       0       0       0       0       0       0       0       0       0       0
      Totals:         0       0       0       0       0       0       0       0       0       0       0       0       0       0       0       0       0       0       0       0       0       0       0       0       0       0       0       0       0       0       0       0       0       0
Total ram usage:        0 bytes
 Hardware stack levels used:    1
 Hardware stack levels required when called:    2
 This function calls:
		Nothing
 This function is called by:
		_main
 This function uses a non-reentrant model


 *************** function _InterruptSetup *****************
 Defined at:
		line 64 in file "interrupts.c"
 Parameters:    Size  Location     Type
		None
 Auto vars:     Size  Location     Type
		None
 Return value:  Size  Location     Type
                  1    wreg      void 
 Registers used:
		None
 Tracked objects:
		On entry : 
		On exit  : 
		Unchanged: 
 Data sizes:     COMRAM   BANK5   BANK6   BANK7   BANK8   BANK9  BANK10  BANK11  BANK12  BANK13  BANK14  BANK15  BANK16  BANK17  BANK18  BANK19  BANK20  BANK21  BANK22  BANK23  BANK24  BANK25  BANK26  BANK27  BANK28  BANK29  BANK30  BANK31  BANK32  BANK33  BANK34  BANK35  BANK36  BANK37
      Params:         0       0       0       0       0       0       0       0       0       0       0       0       0       0       0       0       0       0       0       0       0       0       0       0       0       0       0       0       0       0       0       0       0       0
      Locals:         0       0       0       0       0       0       0       0       0       0       0       0       0       0       0       0       0       0       0       0       0       0       0       0       0       0       0       0       0       0       0       0       0       0
      Temps:          0       0       0       0       0       0       0       0       0       0       0       0       0       0       0       0       0       0       0       0       0       0       0       0       0       0       0       0       0       0       0       0       0       0
      Totals:         0       0       0       0       0       0       0       0       0       0       0       0       0       0       0       0       0       0       0       0       0       0       0       0       0       0       0       0       0       0       0       0       0       0
Total ram usage:        0 bytes
 Hardware stack levels used:    1
 Hardware stack levels required when called:    2
 This function calls:
		Nothing
 This function is called by:
		_main
 This function uses a non-reentrant model


 *************** function _GpioSetup *****************
 Defined at:
		line 90 in file "encm369_pic18.c"
 Parameters:    Size  Location     Type
		None
 Auto vars:     Size  Location     Type
		None
 Return value:  Size  Location     Type
                  1    wreg      void 
 Registers used:
		wreg, status,2
 Tracked objects:
		On entry : 
		On exit  : 
		Unchanged: 
 Data sizes:     COMRAM   BANK5   BANK6   BANK7   BANK8   BANK9  BANK10  BANK11  BANK12  BANK13  BANK14  BANK15  BANK16  BANK17  BANK18  BANK19  BANK20  BANK21  BANK22  BANK23  BANK24  BANK25  BANK26  BANK27  BANK28  BANK29  BANK30  BANK31  BANK32  BANK33  BANK34  BANK35  BANK36  BANK37
      Params:         0       0       0       0       0       0       0       0       0       0       0       0       0       0       0       0       0       0       0       0       0       0       0       0       0       0       0       0       0       0       0       0       0       0
      Locals:         0       0       0       0       0       0       0       0       0       0       0       0       0       0       0       0       0       0       0       0       0       0       0       0       0       0       0       0       0       0       0       0       0       0
      Temps:          0       0       0       0       0       0       0       0       0       0       0       0       0       0       0       0       0       0       0       0       0       0       0       0       0       0       0       0       0       0       0       0       0       0
      Totals:         0       0       0       0       0       0       0       0       0       0       0       0       0       0       0       0       0       0       0       0       0       0       0       0       0       0       0       0       0       0       0       0       0       0
Total ram usage:        0 bytes
 Hardware stack levels used:    1
 Hardware stack levels required when called:    2
 This function calls:
		Nothing
 This function is called by:
		_main
 This function uses a non-reentrant model


 *************** function _ClockSetup *****************
 Defined at:
		line 71 in file "encm369_pic18.c"
 Parameters:    Size  Location     Type
		None
 Auto vars:     Size  Location     Type
		None
 Return value:  Size  Location     Type
                  1    wreg      void 
 Registers used:
		None
 Tracked objects:
		On entry : 
		On exit  : 
		Unchanged: 
 Data sizes:     COMRAM   BANK5   BANK6   BANK7   BANK8   BANK9  BANK10  BANK11  BANK12  BANK13  BANK14  BANK15  BANK16  BANK17  BANK18  BANK19  BANK20  BANK21  BANK22  BANK23  BANK24  BANK25  BANK26  BANK27  BANK28  BANK29  BANK30  BANK31  BANK32  BANK33  BANK34  BANK35  BANK36  BANK37
      Params:         0       0       0       0       0       0       0       0       0       0       0       0       0       0       0       0       0       0       0       0       0       0       0       0       0       0       0       0       0       0       0       0       0       0
      Locals:         0       0       0       0       0       0       0       0       0       0       0       0       0       0       0       0       0       0       0       0       0       0       0       0       0       0       0       0       0       0       0       0       0       0
      Temps:          0       0       0       0       0       0       0       0       0       0       0       0       0       0       0       0       0       0       0       0       0       0       0       0       0       0       0       0       0       0       0       0       0       0
      Totals:         0       0       0       0       0       0       0       0       0       0       0       0       0       0       0       0       0       0       0       0       0       0       0       0       0       0       0       0       0       0       0       0       0       0
Total ram usage:        0 bytes
 Hardware stack levels used:    1
 Hardware stack levels required when called:    2
 This function calls:
		Nothing
 This function is called by:
		_main
 This function uses a non-reentrant model


 *************** function _DEFAULT_ISR *****************
 Defined at:
		line 83 in file "interrupts.c"
 Parameters:    Size  Location     Type
		None
 Auto vars:     Size  Location     Type
		None
 Return value:  Size  Location     Type
                  1    wreg      void 
 Registers used:
		wreg, status,2, status,0
 Tracked objects:
		On entry : 
		On exit  : 
		Unchanged: 
 Data sizes:     COMRAM   BANK5   BANK6   BANK7   BANK8   BANK9  BANK10  BANK11  BANK12  BANK13  BANK14  BANK15  BANK16  BANK17  BANK18  BANK19  BANK20  BANK21  BANK22  BANK23  BANK24  BANK25  BANK26  BANK27  BANK28  BANK29  BANK30  BANK31  BANK32  BANK33  BANK34  BANK35  BANK36  BANK37
      Params:         0       0       0       0       0       0       0       0       0       0       0       0       0       0       0       0       0       0       0       0       0       0       0       0       0       0       0       0       0       0       0       0       0       0
      Locals:         0       0       0       0       0       0       0       0       0       0       0       0       0       0       0       0       0       0       0       0       0       0       0       0       0       0       0       0       0       0       0       0       0       0
      Temps:          1       0       0       0       0       0       0       0       0       0       0       0       0       0       0       0       0       0       0       0       0       0       0       0       0       0       0       0       0       0       0       0       0       0
      Totals:         1       0       0       0       0       0       0       0       0       0       0       0       0       0       0       0       0       0       0       0       0       0       0       0       0       0       0       0       0       0       0       0       0       0
Total ram usage:        1 bytes
 Hardware stack levels used:    1
 Hardware stack levels required when called:    1
 This function calls:
		Nothing
 This function is called by:
		Interrupt level 1
 This function uses a non-reentrant model


 *************** function _SW_ISR *****************
 Defined at:
		line 76 in file "interrupts.c"
 Parameters:    Size  Location     Type
		None
 Auto vars:     Size  Location     Type
		None
 Return value:  Size  Location     Type
                  1    wreg      void 
 Registers used:
		None
 Tracked objects:
		On entry : 
		On exit  : 
		Unchanged: 
 Data sizes:     COMRAM   BANK5   BANK6   BANK7   BANK8   BANK9  BANK10  BANK11  BANK12  BANK13  BANK14  BANK15  BANK16  BANK17  BANK18  BANK19  BANK20  BANK21  BANK22  BANK23  BANK24  BANK25  BANK26  BANK27  BANK28  BANK29  BANK30  BANK31  BANK32  BANK33  BANK34  BANK35  BANK36  BANK37
      Params:         0       0       0       0       0       0       0       0       0       0       0       0       0       0       0       0       0       0       0       0       0       0       0       0       0       0       0       0       0       0       0       0       0       0
      Locals:         0       0       0       0       0       0       0       0       0       0       0       0       0       0       0       0       0       0       0       0       0       0       0       0       0       0       0       0       0       0       0       0       0       0
      Temps:          0       0       0       0       0       0       0       0       0       0       0       0       0       0       0       0       0       0       0       0       0       0       0       0       0       0       0       0       0       0       0       0       0       0
      Totals:         0       0       0       0       0       0       0       0       0       0       0       0       0       0       0       0       0       0       0       0       0       0       0       0       0       0       0       0       0       0       0       0       0       0
Total ram usage:        0 bytes
 Hardware stack levels used:    1
 This function calls:
		Nothing
 This function is called by:
		Interrupt level 2
 This function uses a non-reentrant model


 *************** function _TMR1_ISR *****************
 Defined at:
		line 102 in file "interrupts.c"
 Parameters:    Size  Location     Type
		None
 Auto vars:     Size  Location     Type
		None
 Return value:  Size  Location     Type
                  1    wreg      void 
 Registers used:
		wreg, fsr2l, fsr2h, status,2, status,0
 Tracked objects:
		On entry : 
		On exit  : 
		Unchanged: 
 Data sizes:     COMRAM   BANK5   BANK6   BANK7   BANK8   BANK9  BANK10  BANK11  BANK12  BANK13  BANK14  BANK15  BANK16  BANK17  BANK18  BANK19  BANK20  BANK21  BANK22  BANK23  BANK24  BANK25  BANK26  BANK27  BANK28  BANK29  BANK30  BANK31  BANK32  BANK33  BANK34  BANK35  BANK36  BANK37
      Params:         0       0       0       0       0       0       0       0       0       0       0       0       0       0       0       0       0       0       0       0       0       0       0       0       0       0       0       0       0       0       0       0       0       0
      Locals:         0       0       0       0       0       0       0       0       0       0       0       0       0       0       0       0       0       0       0       0       0       0       0       0       0       0       0       0       0       0       0       0       0       0
      Temps:          0       0       0       0       0       0       0       0       0       0       0       0       0       0       0       0       0       0       0       0       0       0       0       0       0       0       0       0       0       0       0       0       0       0
      Totals:         0       0       0       0       0       0       0       0       0       0       0       0       0       0       0       0       0       0       0       0       0       0       0       0       0       0       0       0       0       0       0       0       0       0
Total ram usage:        0 bytes
 Hardware stack levels used:    1
 This function calls:
		Nothing
 This function is called by:
		Interrupt level 2
 This function uses a non-reentrant model


 *************** function _TMR2_ISR *****************
 Defined at:
		line 136 in file "interrupts.c"
 Parameters:    Size  Location     Type
		None
 Auto vars:     Size  Location     Type
		None
 Return value:  Size  Location     Type
                  1    wreg      void 
 Registers used:
		wreg, status,2, status,0
 Tracked objects:
		On entry : 
		On exit  : 
		Unchanged: 
 Data sizes:     COMRAM   BANK5   BANK6   BANK7   BANK8   BANK9  BANK10  BANK11  BANK12  BANK13  BANK14  BANK15  BANK16  BANK17  BANK18  BANK19  BANK20  BANK21  BANK22  BANK23  BANK24  BANK25  BANK26  BANK27  BANK28  BANK29  BANK30  BANK31  BANK32  BANK33  BANK34  BANK35  BANK36  BANK37
      Params:         0       0       0       0       0       0       0       0       0       0       0       0       0       0       0       0       0       0       0       0       0       0       0       0       0       0       0       0       0       0       0       0       0       0
      Locals:         0       0       0       0       0       0       0       0       0       0       0       0       0       0       0       0       0       0       0       0       0       0       0       0       0       0       0       0       0       0       0       0       0       0
      Temps:          0       0       0       0       0       0       0       0       0       0       0       0       0       0       0       0       0       0       0       0       0       0       0       0       0       0       0       0       0       0       0       0       0       0
      Totals:         0       0       0       0       0       0       0       0       0       0       0       0       0       0       0       0       0       0       0       0       0       0       0       0       0       0       0       0       0       0       0       0       0       0
Total ram usage:        0 bytes
 Hardware stack levels used:    1
 This function calls:
		Nothing
 This function is called by:
		Interrupt level 2
 This function uses a non-reentrant model



MODULE INFORMATION

Module		Function		Class		Link	Load	Size
encm369_pic18.c
		_GpioSetup     		CODE           	03E6	0000	22
		_SystemSleep   		CODE           	03FC	0000	18
		_SysTickSetup  		CODE           	034E	0000	52
		_ClockSetup    		CODE           	0430	0000	2

encm369_pic18.c estimated size: 94

interrupts.c
		_TMR2_ISR      		CODE           	0410	0000	18
		_DEFAULT_ISR   		CODE           	03CC	0000	26
		_InterruptSetup		CODE           	0422	0000	8
		_SW_ISR        		CODE           	042C	0000	4
		_TMR1_ISR      		CODE           	02DC	0000	58

interrupts.c estimated size: 114

shared
		__initialization		CODE           	0276	0000	94

shared estimated size: 94

main.c
		_main          		CODE           	0382	0000	44

main.c estimated size: 44

user_app.c
		_UserAppRun    		CODE           	0206	0000	112
		_UserAppInitialize		CODE           	03AE	0000	28

user_app.c estimated size: 140

